EVA2_1_INTEGRIDAD_REFERENCIAL

MySQL Shell 8.0.22

Copyright (c) 2016, 2020, Oracle and/or its affiliates.
Oracle is a registered trademark of Oracle Corporation and/or its affiliates.
Other names may be trademarks of their respective owners.

Type '\help' or '\?' for help; '\quit' to exit.
 MySQL  JS > \sql
Switching to SQL mode... Commands end with ;
 MySQL  SQL > \connect --mc root@localhost
Creating a Classic session to 'root@localhost'
Please provide the password for 'root@localhost': ***
MySQL Error 1045 (28000): Access denied for user 'root'@'localhost' (using password: YES)
 MySQL  SQL > \connect --mc root@localhost
Creating a Classic session to 'root@localhost'
Please provide the password for 'root@localhost': ****
Save password for 'root@localhost'? [Y]es/[N]o/Ne[v]er (default No): No
Fetching schema names for autocompletion... Press ^C to stop.
Your MySQL connection id is 10
Server version: 8.0.22 MySQL Community Server - GPL
No default schema selected; type \use <schema> to set one.
 MySQL  localhost:3306 ssl  SQL > use tbd_e1
Default schema set to `tbd_e1`.
Fetching table and column names from `tbd_e1` for auto-completion... Press ^C to stop.
 MySQL  localhost:3306 ssl  tbd_e1  SQL > exit;
ERROR: 1064 (42000): You have an error in your SQL syntax; check the manual that corresponds to your MySQL server version for the right syntax to use near 'exit' at line 1
 MySQL  localhost:3306 ssl  tbd_e1  SQL > create database tbd_e2;
Query OK, 1 row affected (0.0361 sec)
 MySQL  localhost:3306 ssl  tbd_e1  SQL > use tbd_e2
Default schema set to `tbd_e2`.
Fetching table and column names from `tbd_e2` for auto-completion... Press ^C to stop.
 MySQL  localhost:3306 ssl  tbd_e2  SQL > show tables;
Empty set (0.0018 sec)
 MySQL  localhost:3306 ssl  tbd_e2  SQL > create table cliente(
                                       -> id int key auto_increment,
                                       -> nombre varchar(50) not null,
                                       -> apellidos varchar(50),
                                       -> rfc varchar(13) not null);
Query OK, 0 rows affected (0.0727 sec)
 MySQL  localhost:3306 ssl  tbd_e2  SQL > desc cliente;
+-----------+-------------+------+-----+---------+----------------+
| Field     | Type        | Null | Key | Default | Extra          |
+-----------+-------------+------+-----+---------+----------------+
| id        | int         | NO   | PRI | NULL    | auto_increment |
| nombre    | varchar(50) | NO   |     | NULL    |                |
| apellidos | varchar(50) | YES  |     | NULL    |                |
| rfc       | varchar(13) | NO   |     | NULL    |                |
+-----------+-------------+------+-----+---------+----------------+
4 rows in set (0.0063 sec)
 MySQL  localhost:3306 ssl  tbd_e2  SQL > insert into cliente(nombre, apellido, rfc)
                                       -> values("Luicarlo", "Silla", "KHV235412365"),
                                       -> ("El Mike", "Kballero", "JHJH123654789");
ERROR: 1054 (42S22): Unknown column 'apellido' in 'field list'
 MySQL  localhost:3306 ssl  tbd_e2  SQL > insert into cliente(nombre, apellidos, rfc) values("Luicarlo", "Silla", "KHV235412365"), ("El Mike", "Kballero", "JHJH123654789");
Query OK, 2 rows affected (0.0056 sec)

Records: 2  Duplicates: 0  Warnings: 0
 MySQL  localhost:3306 ssl  tbd_e2  SQL > select * from cliente;
+----+----------+-----------+---------------+
| id | nombre   | apellidos | rfc           |
+----+----------+-----------+---------------+
|  1 | Luicarlo | Silla     | KHV235412365  |
|  2 | El Mike  | Kballero  | JHJH123654789 |
+----+----------+-----------+---------------+
2 rows in set (0.0018 sec)
 MySQL  localhost:3306 ssl  tbd_e2  SQL > create table factura(
                                       -> folio int key auto_increment,
                                       -> idCliente int not null foreign key (idCliente) references cliente(id));
ERROR: 1064 (42000): You have an error in your SQL syntax; check the manual that corresponds to your MySQL server version for the right syntax to use near 'foreign key (idCliente) references cliente(id))' at line 3
 MySQL  localhost:3306 ssl  tbd_e2  SQL > create table factura( folio int key auto_increment, idCliente int not null, foreign key (idCliente) references cliente(id));
Query OK, 0 rows affected (0.0708 sec)
 MySQL  localhost:3306 ssl  tbd_e2  SQL > show create table factura;
+---------+--------------------------------------------------------------------------------------------------------------------------------------------------------------------------------------------------------------------------------------------------------------------------------------------------------------+
| Table   | Create Table

                                                                         |
+---------+--------------------------------------------------------------------------------------------------------------------------------------------------------------------------------------------------------------------------------------------------------------------------------------------------------------+
| factura | CREATE TABLE `factura` (
  `folio` int NOT NULL AUTO_INCREMENT,
  `idCliente` int NOT NULL,
  PRIMARY KEY (`folio`),
  KEY `idCliente` (`idCliente`),
  CONSTRAINT `factura_ibfk_1` FOREIGN KEY (`idCliente`) REFERENCES `cliente` (`id`)
) ENGINE=InnoDB DEFAULT CHARSET=utf8mb4 COLLATE=utf8mb4_0900_ai_ci |
+---------+--------------------------------------------------------------------------------------------------------------------------------------------------------------------------------------------------------------------------------------------------------------------------------------------------------------+
1 row in set (0.0039 sec)
 MySQL  localhost:3306 ssl  tbd_e2  SQL > show tables;
+------------------+
| Tables_in_tbd_e2 |
+------------------+
| cliente          |
| factura          |
+------------------+
2 rows in set (0.0057 sec)
 MySQL  localhost:3306 ssl  tbd_e2  SQL > insert into factura(idCliente)
                                       -> value(5);
ERROR: 1452 (23000): Cannot add or update a child row: a foreign key constraint fails (`tbd_e2`.`factura`, CONSTRAINT `factura_ibfk_1` FOREIGN KEY (`idCliente`) REFERENCES `cliente` (`id`))
 MySQL  localhost:3306 ssl  tbd_e2  SQL > insert into factura(idCliente) values(1),(2);
Query OK, 2 rows affected (0.0061 sec)

Records: 2  Duplicates: 0  Warnings: 0
 MySQL  localhost:3306 ssl  tbd_e2  SQL > select * from factura;
+-------+-----------+
| folio | idCliente |
+-------+-----------+
|     2 |         1 |
|     3 |         2 |
+-------+-----------+
2 rows in set (0.0010 sec)
 MySQL  localhost:3306 ssl  tbd_e2  SQL > select * from cliente;
+----+----------+-----------+---------------+
| id | nombre   | apellidos | rfc           |
+----+----------+-----------+---------------+
|  1 | Luicarlo | Silla     | KHV235412365  |
|  2 | El Mike  | Kballero  | JHJH123654789 |
+----+----------+-----------+---------------+
2 rows in set (0.0081 sec)
 MySQL  localhost:3306 ssl  tbd_e2  SQL > delete from cliente where id = 1;
ERROR: 1451 (23000): Cannot delete or update a parent row: a foreign key constraint fails (`tbd_e2`.`factura`, CONSTRAINT `factura_ibfk_1` FOREIGN KEY (`idCliente`) REFERENCES `cliente` (`id`))
 MySQL  localhost:3306 ssl  tbd_e2  SQL > delete from factura where idCliente = 1;
Query OK, 1 row affected (0.0041 sec)
 MySQL  localhost:3306 ssl  tbd_e2  SQL > select * from factura;
+-------+-----------+
| folio | idCliente |
+-------+-----------+
|     3 |         2 |
+-------+-----------+
1 row in set (0.0018 sec)
 MySQL  localhost:3306 ssl  tbd_e2  SQL > delete from cliente where id = 1;
Query OK, 1 row affected (0.0050 sec)
 MySQL  localhost:3306 ssl  tbd_e2  SQL > show create table factura;
+---------+-------------------------------------------------------------------------------------------------------------------------------------------------------------------------------------------------------------------------------------------------------------------------------------------------------------------------------+
| Table   | Create Table

                                                                                          |
+---------+-------------------------------------------------------------------------------------------------------------------------------------------------------------------------------------------------------------------------------------------------------------------------------------------------------------------------------+
| factura | CREATE TABLE `factura` (
  `folio` int NOT NULL AUTO_INCREMENT,
  `idCliente` int NOT NULL,
  PRIMARY KEY (`folio`),
  KEY `idCliente` (`idCliente`),
  CONSTRAINT `factura_ibfk_1` FOREIGN KEY (`idCliente`) REFERENCES `cliente` (`id`)
) ENGINE=InnoDB AUTO_INCREMENT=4 DEFAULT CHARSET=utf8mb4 COLLATE=utf8mb4_0900_ai_ci |
+---------+-------------------------------------------------------------------------------------------------------------------------------------------------------------------------------------------------------------------------------------------------------------------------------------------------------------------------------+
1 row in set (0.0010 sec)
 MySQL  localhost:3306 ssl  tbd_e2  SQL > alter table factura drop constraint factura_ibfk_1;
Query OK, 0 rows affected (0.0290 sec)

Records: 0  Duplicates: 0  Warnings: 0
 MySQL  localhost:3306 ssl  tbd_e2  SQL > show create factura;
ERROR: 1064 (42000): You have an error in your SQL syntax; check the manual that corresponds to your MySQL server version for the right syntax to use near 'factura' at line 1
 MySQL  localhost:3306 ssl  tbd_e2  SQL > show create table factura;
+---------+------------------------------------------------------------------------------------------------------------------------------------------------------------------------------------------------------------------------------------------+
| Table   | Create Table

     |
+---------+------------------------------------------------------------------------------------------------------------------------------------------------------------------------------------------------------------------------------------------+
| factura | CREATE TABLE `factura` (
  `folio` int NOT NULL AUTO_INCREMENT,
  `idCliente` int NOT NULL,
  PRIMARY KEY (`folio`),
  KEY `idCliente` (`idCliente`)
) ENGINE=InnoDB AUTO_INCREMENT=4 DEFAULT CHARSET=utf8mb4 COLLATE=utf8mb4_0900_ai_ci |
+---------+------------------------------------------------------------------------------------------------------------------------------------------------------------------------------------------------------------------------------------------+
1 row in set (0.0008 sec)
 MySQL  localhost:3306 ssl  tbd_e2  SQL > insert into factura (idCliente) value(5)
                                       -> ;
Query OK, 1 row affected (0.0046 sec)
 MySQL  localhost:3306 ssl  tbd_e2  SQL > select * from factura;
+-------+-----------+
| folio | idCliente |
+-------+-----------+
|     3 |         2 |
|     4 |         5 |
+-------+-----------+
2 rows in set (0.0007 sec)
 MySQL  localhost:3306 ssl  tbd_e2  SQL >